time="2026-02-02T13:25:21Z" level=warning msg="The \"PROM_URL\" variable is not set. Defaulting to a blank string."
time="2026-02-02T13:25:21Z" level=warning msg="The \"PROM_URL\" variable is not set. Defaulting to a blank string."
time="2026-02-02T13:25:21Z" level=warning msg="The \"RPC_L2\" variable is not set. Defaulting to a blank string."
time="2026-02-02T13:25:21Z" level=warning msg="The \"RPC_L3\" variable is not set. Defaulting to a blank string."
time="2026-02-02T13:25:21Z" level=warning msg="The \"PROM_URL\" variable is not set. Defaulting to a blank string."
time="2026-02-02T13:25:21Z" level=warning msg="The \"UI_THEME\" variable is not set. Defaulting to a blank string."
time="2026-02-02T13:25:21Z" level=warning msg="The \"PROM_URL\" variable is not set. Defaulting to a blank string."
time="2026-02-02T13:25:21Z" level=warning msg="The \"PROM_URL\" variable is not set. Defaulting to a blank string."
time="2026-02-02T13:25:21Z" level=warning msg="The \"PROM_URL\" variable is not set. Defaulting to a blank string."
time="2026-02-02T13:25:21Z" level=warning msg="The \"RPC_L2\" variable is not set. Defaulting to a blank string."
time="2026-02-02T13:25:21Z" level=warning msg="The \"RPC_L3\" variable is not set. Defaulting to a blank string."
time="2026-02-02T13:25:21Z" level=warning msg="The \"PROM_URL\" variable is not set. Defaulting to a blank string."
time="2026-02-02T13:25:21Z" level=warning msg="The \"RPC_L2\" variable is not set. Defaulting to a blank string."
time="2026-02-02T13:25:21Z" level=warning msg="The \"RPC_L3\" variable is not set. Defaulting to a blank string."
time="2026-02-02T13:25:21Z" level=warning msg="The \"PROM_URL\" variable is not set. Defaulting to a blank string."
time="2026-02-02T13:25:21Z" level=warning msg="The \"PROM_URL\" variable is not set. Defaulting to a blank string."
time="2026-02-02T13:25:21Z" level=warning msg="The \"PROM_URL\" variable is not set. Defaulting to a blank string."
time="2026-02-02T13:25:21Z" level=warning msg="The \"RPC_L2\" variable is not set. Defaulting to a blank string."
time="2026-02-02T13:25:21Z" level=warning msg="The \"RPC_L3\" variable is not set. Defaulting to a blank string."
time="2026-02-02T13:25:21Z" level=warning msg="The \"RPC_L2\" variable is not set. Defaulting to a blank string."
time="2026-02-02T13:25:21Z" level=warning msg="The \"RPC_L3\" variable is not set. Defaulting to a blank string."
time="2026-02-02T13:25:21Z" level=warning msg="The \"PROM_URL\" variable is not set. Defaulting to a blank string."
time="2026-02-02T13:25:21Z" level=warning msg="The \"PROM_URL\" variable is not set. Defaulting to a blank string."
time="2026-02-02T13:25:21Z" level=warning msg="The \"PROM_URL\" variable is not set. Defaulting to a blank string."
time="2026-02-02T13:25:21Z" level=warning msg="The \"PROM_URL\" variable is not set. Defaulting to a blank string."
time="2026-02-02T13:25:21Z" level=warning msg="The \"PROM_URL\" variable is not set. Defaulting to a blank string."
time="2026-02-02T13:25:21Z" level=warning msg="The \"RPC_L2\" variable is not set. Defaulting to a blank string."
time="2026-02-02T13:25:21Z" level=warning msg="The \"RPC_L3\" variable is not set. Defaulting to a blank string."
time="2026-02-02T13:25:21Z" level=warning msg="The \"BRIDGE_ADDRESS\" variable is not set. Defaulting to a blank string."
time="2026-02-02T13:25:21Z" level=warning msg="The \"L2_TOKEN_ADDRESS\" variable is not set. Defaulting to a blank string."
time="2026-02-02T13:25:21Z" level=warning msg="The \"L3_TOKEN_ADDRESS\" variable is not set. Defaulting to a blank string."
time="2026-02-02T13:25:21Z" level=warning msg="The \"PROM_URL\" variable is not set. Defaulting to a blank string."
time="2026-02-02T13:25:21Z" level=warning msg="The \"PROM_URL\" variable is not set. Defaulting to a blank string."
time="2026-02-02T13:25:21Z" level=warning msg="The \"EXECUTION_APPROVAL_TOKEN\" variable is not set. Defaulting to a blank string."
time="2026-02-02T13:25:21Z" level=warning msg="The \"RPC_L2\" variable is not set. Defaulting to a blank string."
time="2026-02-02T13:25:21Z" level=warning msg="The \"RPC_L3\" variable is not set. Defaulting to a blank string."
time="2026-02-02T13:25:21Z" level=warning msg="The \"L2_ROLLUP_L3_ADDRESS\" variable is not set. Defaulting to a blank string."
time="2026-02-02T13:25:21Z" level=warning msg="The \"PROPOSER_PRIVATE_KEY\" variable is not set. Defaulting to a blank string."
time="2026-02-02T13:25:21Z" level=warning msg="The \"PROM_URL\" variable is not set. Defaulting to a blank string."
time="2026-02-02T13:25:21Z" level=warning msg="The \"BRIDGE_ADMIN_TOKEN\" variable is not set. Defaulting to a blank string."
time="2026-02-02T13:25:21Z" level=warning msg="The \"PROM_URL\" variable is not set. Defaulting to a blank string."
time="2026-02-02T13:25:21Z" level=warning msg="The \"UPSTREAM_URL\" variable is not set. Defaulting to a blank string."
time="2026-02-02T13:25:21Z" level=warning msg="The \"LOG_REQUESTS\" variable is not set. Defaulting to a blank string."
time="2026-02-02T13:25:21Z" level=warning msg="The \"PROM_URL\" variable is not set. Defaulting to a blank string."
time="2026-02-02T13:25:21Z" level=warning msg="The \"RPC_L2\" variable is not set. Defaulting to a blank string."
time="2026-02-02T13:25:21Z" level=warning msg="The \"RPC_L3\" variable is not set. Defaulting to a blank string."
time="2026-02-02T13:25:21Z" level=warning msg="The \"NET_ENV\" variable is not set. Defaulting to a blank string."
time="2026-02-02T13:25:21Z" level=warning msg="The \"RPC_L2\" variable is not set. Defaulting to a blank string."
time="2026-02-02T13:25:21Z" level=warning msg="The \"RPC_L3\" variable is not set. Defaulting to a blank string."
time="2026-02-02T13:25:21Z" level=warning msg="The \"PROM_URL\" variable is not set. Defaulting to a blank string."
time="2026-02-02T13:25:21Z" level=warning msg="The \"RPC_L2\" variable is not set. Defaulting to a blank string."
time="2026-02-02T13:25:21Z" level=warning msg="The \"RPC_L3\" variable is not set. Defaulting to a blank string."
time="2026-02-02T13:25:21Z" level=warning msg="The \"L2_ROLLUP_L3_ADDRESS\" variable is not set. Defaulting to a blank string."
time="2026-02-02T13:25:21Z" level=warning msg="The \"CHALLENGER_PRIVATE_KEY\" variable is not set. Defaulting to a blank string."
time="2026-02-02T13:25:21Z" level=warning msg="The \"PROM_URL\" variable is not set. Defaulting to a blank string."
time="2026-02-02T13:25:21Z" level=warning msg="The \"PROM_URL\" variable is not set. Defaulting to a blank string."
time="2026-02-02T13:25:21Z" level=warning msg="The \"RPC_L1\" variable is not set. Defaulting to a blank string."
time="2026-02-02T13:25:21Z" level=warning msg="The \"RPC_L2\" variable is not set. Defaulting to a blank string."
time="2026-02-02T13:25:21Z" level=warning msg="The \"RPC_L3\" variable is not set. Defaulting to a blank string."
time="2026-02-02T13:25:21Z" level=warning msg="The \"BRIDGE_L2L3_ADDRESS\" variable is not set. Defaulting to a blank string."
time="2026-02-02T13:25:21Z" level=warning msg="The \"L1_ROLLUP_L2_ADDRESS\" variable is not set. Defaulting to a blank string."
time="2026-02-02T13:25:21Z" level=warning msg="The \"L2_ROLLUP_L3_ADDRESS\" variable is not set. Defaulting to a blank string."
time="2026-02-02T13:25:21Z" level=warning msg="The \"L3_INBOX_ADDRESS\" variable is not set. Defaulting to a blank string."
time="2026-02-02T13:25:21Z" level=warning msg="The \"L3_TOKEN_FACTORY_ADDRESS\" variable is not set. Defaulting to a blank string."
time="2026-02-02T13:25:21Z" level=warning msg="The \"RELAYER_PRIVATE_KEY\" variable is not set. Defaulting to a blank string."
time="2026-02-02T13:25:21Z" level=warning msg="The \"L2_RELAYER_PRIVATE_KEY\" variable is not set. Defaulting to a blank string."
time="2026-02-02T13:25:21Z" level=warning msg="The \"RPC_L2\" variable is not set. Defaulting to a blank string."
time="2026-02-02T13:25:21Z" level=warning msg="The \"GUARD_URL\" variable is not set. Defaulting to a blank string."
time="2026-02-02T13:25:21Z" level=warning msg="The \"BRIDGE_ADMIN_TOKEN\" variable is not set. Defaulting to a blank string."
time="2026-02-02T13:25:21Z" level=warning msg="The \"PROM_URL\" variable is not set. Defaulting to a blank string."
time="2026-02-02T13:25:21Z" level=warning msg="The \"FEATURE_FLAGS\" variable is not set. Defaulting to a blank string."
env file /home/ghost/ghostl-stack/ops/snapshots/20260126-112312/files/infra/docker/compose/stack.env not found: stat /home/ghost/ghostl-stack/ops/snapshots/20260126-112312/files/infra/docker/compose/stack.env: no such file or directory
